// Jest Snapshot v1, https://goo.gl/fbAQLP

exports[`renders correctly 1`] = `
<div
  className="search-bar__container fadeIn"
>
  <form
    onSubmit={[Function]}
  >
    <input
      className="search-bar__input-field"
      onChange={[Function]}
      placeholder="This is where the magic begins.."
      type="text"
      value=""
    />
  </form>
</div>
`;
