// Jest Snapshot v1, https://goo.gl/fbAQLP

exports[`renders correctly 1`] = `
<div
  className="col-xs-12 col-md-6 col-lg-4 col-xl-3"
>
  <div
    className="tile__container tile__shadow"
    onClick={[Function]}
    onMouseOut={[Function]}
    onMouseOver={[Function]}
  >
    <div
      className="tile-header__container"
    >
      <div
        className="title-header__title"
      >
        hello world
      </div>
    </div>
    <div
      className="tile-media__container"
    >
      <div
        className="tile-media__item-inside"
      >
        <div
          className="tile-media__loading-container"
        >
          <div>
            <span
              className="l-1"
            />
            <span
              className="l-2"
            />
            <span
              className="l-3"
            />
            <span
              className="l-4"
            />
            <span
              className="l-5"
            />
            <span
              className="l-6"
            />
          </div>
        </div>
        <img
          alt="..."
          className="tile-media__image tile-media__image-loading"
          onLoad={[Function]}
          src={undefined}
        />
      </div>
    </div>
  </div>
</div>
`;
